Microchip MPLAB XC8 Compiler V2.20

Linker command line:

-W-3 --edf=C:\Program Files\Microchip\xc8\v2.20\pic\dat\en_msgs.txt -cn \
  -h+dist/default/production\lcd__keypad.X.production.sym \
  --cmf=dist/default/production\lcd__keypad.X.production.cmf -z -Q18F4520 \
  -oC:\Users\ASHUTOSH\AppData\Local\Temp\seko.2 --defsym=__MPLAB_BUILD=1 \
  -Mdist/default/production/lcd__keypad.X.production.map -E1 \
  -ver=XC8 Compiler --acfsm=1493 -ASTACK=080h-05FFh -pstack=STACK \
  -ACODE=00h-07FFFh -ACONST=00h-07FFFh -ASMALLCONST=0600h-06FFhx122 \
  -AMEDIUMCONST=0600h-07FFFh -ACOMRAM=01h-07Fh -AABS1=00h-05FFh \
  -ABIGRAM=01h-05FFh -ARAM=080h-0FFh,0100h-01FFhx5 -ABANK0=080h-0FFh \
  -ABANK1=0100h-01FFh -ABANK2=0200h-02FFh -ABANK3=0300h-03FFh \
  -ABANK4=0400h-04FFh -ABANK5=0500h-05FFh -ASFR=0F80h-0FFFh \
  -ACONFIG=0300000h-030000Dh -AIDLOC=0200000h-0200007h \
  -preset_vec=00h,intcode,intcodelo,powerup,init -pramtop=0600h \
  -psmallconst=SMALLCONST -pmediumconst=MEDIUMCONST -pconst=CONST \
  -AFARRAM=00h-00h -AEEDATA=0F00000h-0F000FFh -peeprom_data=EEDATA \
  -prdata=COMRAM,nvrram=COMRAM,nvbit=COMRAM,rbss=COMRAM,rbit=COMRAM \
  -pfarbss=FARRAM,fardata=FARRAM,nvFARRAM=FARRAM \
  -pintsave_regs=BIGRAM,bigbss=BIGRAM,bigdata=BIGRAM -pbss=RAM \
  -pidata=CODE,irdata=CODE,ibigdata=CODE,ifardata=CODE -prparam=COMRAM \
  C:\Users\ASHUTOSH\AppData\Local\Temp\seko.o \
  dist/default/production\lcd__keypad.X.production.o 

Object code version is 3.11

Machine type is 18F4520



                Name                               Link     Load   Length Selector   Space Scale
C:\Users\ASHUTOSH\AppData\Local\Temp\seko.o
                idloc                            200000   200000        8        0       5
                config                           300000   300000        E        0       4
                init                                  0        0        4        0       0
dist/default/production\lcd__keypad.X.production.o
                idloc                            200000   200000        8        0       5
                config                           300000   300000        E        0       4
                smallconst                          600      600       88      300       0
                text7                               AF0      AF0       4A      344       0
                text6                               C32      C32       1A      344       0
                text5                               BEA      BEA       2E      344       0
                text4                               C18      C18       1A      344       0
                text3                               BB4      BB4       36      344       0
                text2                               B3A      B3A       40      344       0
                text1                               8CE      8CE      222      344       0
                text0                               688      688      246      344       0
                cstackCOMRAM                          1        1       23        1       1
                dataCOMRAM                           24       24       18        1       1
                bssCOMRAM                            3C       3C        B        1       1
                cinit                               B7A      B7A       3A      344       0
                idataCOMRAM                         C4C      C4C       18      344       0

TOTAL           Name                               Link     Load   Length     Space
        CLASS   STACK          

        CLASS   CODE           
                init                                  0        0        4         0
                text7                               AF0      AF0       4A         0
                text6                               C32      C32       1A         0
                text5                               BEA      BEA       2E         0
                text4                               C18      C18       1A         0
                text3                               BB4      BB4       36         0
                text2                               B3A      B3A       40         0
                text1                               8CE      8CE      222         0
                text0                               688      688      246         0
                cinit                               B7A      B7A       3A         0
                idataCOMRAM                         C4C      C4C       18         0

        CLASS   CONST          

        CLASS   SMALLCONST     
                smallconst                          600      600       88         0

        CLASS   MEDIUMCONST    

        CLASS   COMRAM         
                cstackCOMRAM                          1        1       23         1
                dataCOMRAM                           24       24       18         1
                bssCOMRAM                            3C       3C        B         1

        CLASS   ABS1           

        CLASS   BIGRAM         

        CLASS   RAM            

        CLASS   BANK0          

        CLASS   BANK1          

        CLASS   BANK2          

        CLASS   BANK3          

        CLASS   BANK4          

        CLASS   BANK5          

        CLASS   SFR            

        CLASS   CONFIG         
                config                           300000   300000        E         4

        CLASS   IDLOC          
                idloc                            200000   200000        8         5

        CLASS   FARRAM         

        CLASS   EEDATA         



SEGMENTS        Name                           Load    Length   Top    Selector   Space  Class

                reset_vec                      000000  000004  000004         0       0  CODE    
                cstackCOMRAM                   000001  000046  000047         1       1  COMRAM  
                smallconst                     000600  000088  000688       300       0  SMALLCON
                text0                          000688  0005DC  000C64       344       0  CODE    


UNUSED ADDRESS RANGES

        Name                Unused          Largest block    Delta
        BANK0            000080-0000FF               80
        BANK1            000100-0001FF              100
        BANK2            000200-0002FF              100
        BANK3            000300-0003FF              100
        BANK4            000400-0004FF              100
        BANK5            000500-0005FF              100
        BIGRAM           000047-0005FF              5B9
        CODE             000004-0005FF              5FC
                         000C64-007FFF             739C
        COMRAM           000047-00007F               39
        CONST            000004-0005FF              5FC
                         000C64-007FFF             739C
        EEDATA           F00000-F000FF              100
        MEDIUMCONST      000C64-007FFF             739C
        RAM              000080-0005FF              100
        SFR              000F80-000FFF               80
        SMALLCONST       000C64-007FFF              100
        STACK            000080-0005FF              580

                                  Symbol Table

LCD_Char@dat             cstackCOMRAM 000007
LCD_Command@cmd          cstackCOMRAM 000007
LCD_String@msg           cstackCOMRAM 000008
LCD_String_xy@location   cstackCOMRAM 00000E
LCD_String_xy@msg        cstackCOMRAM 00000B
LCD_String_xy@pos        cstackCOMRAM 00000A
LCD_String_xy@row        cstackCOMRAM 00000D
MSdelay@i                cstackCOMRAM 000003
MSdelay@j                cstackCOMRAM 000005
MSdelay@val              cstackCOMRAM 000001
_LATA                    (abs)        000F89
_LATB                    (abs)        000F8A
_LATC                    (abs)        000F8B
_LATD0                   (abs)        007C60
_LATD1                   (abs)        007C61
_LCD_Char                text4        000C18
_LCD_Command             text6        000C32
_LCD_Init                text5        000BEA
_LCD_String              text3        000BB4
_LCD_String_xy           text2        000B3A
_MSdelay                 text7        000AF0
_OSCCON                  (abs)        000FD3
_PORTA                   (abs)        000F80
_PORTB                   (abs)        000F81
_RA0                     (abs)        007C00
_RBPU                    (abs)        007F8F
_TRISA                   (abs)        000F92
_TRISB                   (abs)        000F93
_TRISC                   (abs)        000F94
_TRISD                   (abs)        000F95
__HRAM                   (abs)        000000
__Habs1                  abs1         000000
__Hbank0                 bank0        000000
__Hbank1                 bank1        000000
__Hbank2                 bank2        000000
__Hbank3                 bank3        000000
__Hbank4                 bank4        000000
__Hbank5                 bank5        000000
__Hbigbss                bigbss       000000
__Hbigdata               bigdata      000000
__Hbigram                bigram       000000
__Hbss                   bss          000000
__HbssCOMRAM             bssCOMRAM    000000
__Hcinit                 cinit        000000
__Hclrtext               clrtext      000000
__Hcomram                comram       000000
__Hconfig                config       30000E
__Hconst                 const        000000
__HcstackCOMRAM          cstackCOMRAM 000000
__Hdata                  data         000000
__HdataCOMRAM            dataCOMRAM   000000
__Heeprom_data           eeprom_data  000000
__Hfarbss                farbss       000000
__Hfardata               fardata      000000
__Hibigdata              ibigdata     000000
__Hidata                 idata        000000
__HidataCOMRAM           idataCOMRAM  000000
__Hidloc                 idloc        200008
__Hifardata              ifardata     000000
__Hinit                  init         000004
__Hintcode               intcode      000000
__Hintcode_body          intcode_body 000000
__Hintcodelo             intcodelo    000000
__Hintentry              intentry     000000
__Hintret                intret       000000
__Hintsave_regs          intsave_regs 000000
__Hirdata                irdata       000000
__Hmediumconst           mediumconst  000000
__HnvFARRAM              nvFARRAM     000000
__Hnvbit                 nvbit        000000
__Hnvrram                nvrram       000000
__Hparam                 rparam       000000
__Hpowerup               powerup      000000
__Hram                   ram          000000
__Hramtop                ramtop       000600
__Hrbit                  rbit         000000
__Hrbss                  rbss         000000
__Hrdata                 rdata        000000
__Hreset_vec             reset_vec    000000
__Hrparam                rparam       000000
__Hsfr                   sfr          000000
__Hsmallconst            smallconst   000688
__Hspace_0               (abs)        000C64
__Hspace_1               (abs)        000047
__Hspace_2               (abs)        000000
__Hspace_4               (abs)        60000E
__Hstack                 stack        000000
__Hstruct                struct       000000
__Htemp                  temp         000000
__Htext                  text         000000
__Htext0                 text0        000000
__Htext1                 text1        000000
__Htext2                 text2        000000
__Htext3                 text3        000000
__Htext4                 text4        000000
__Htext5                 text5        000000
__Htext6                 text6        000000
__Htext7                 text7        000000
__LRAM                   (abs)        000001
__Labs1                  abs1         000000
__Lbank0                 bank0        000000
__Lbank1                 bank1        000000
__Lbank2                 bank2        000000
__Lbank3                 bank3        000000
__Lbank4                 bank4        000000
__Lbank5                 bank5        000000
__Lbigbss                bigbss       000000
__Lbigdata               bigdata      000000
__Lbigram                bigram       000000
__Lbss                   bss          000000
__LbssCOMRAM             bssCOMRAM    000000
__Lcinit                 cinit        000000
__Lclrtext               clrtext      000000
__Lcomram                comram       000000
__Lconfig                config       000000
__Lconst                 const        000000
__LcstackCOMRAM          cstackCOMRAM 000000
__Ldata                  data         000000
__LdataCOMRAM            dataCOMRAM   000000
__Leeprom_data           eeprom_data  000000
__Lfarbss                farbss       000000
__Lfardata               fardata      000000
__Libigdata              ibigdata     000000
__Lidata                 idata        000000
__LidataCOMRAM           idataCOMRAM  000000
__Lidloc                 idloc        000000
__Lifardata              ifardata     000000
__Linit                  init         000000
__Lintcode               intcode      000000
__Lintcode_body          intcode_body 000000
__Lintcodelo             intcodelo    000000
__Lintentry              intentry     000000
__Lintret                intret       000000
__Lintsave_regs          intsave_regs 000000
__Lirdata                irdata       000000
__Lmediumconst           mediumconst  000000
__LnvFARRAM              nvFARRAM     000000
__Lnvbit                 nvbit        000000
__Lnvrram                nvrram       000000
__Lparam                 rparam       000000
__Lpowerup               powerup      000000
__Lram                   ram          000000
__Lramtop                ramtop       000600
__Lrbit                  rbit         000000
__Lrbss                  rbss         000000
__Lrdata                 rdata        000000
__Lreset_vec             reset_vec    000000
__Lrparam                rparam       000000
__Lsfr                   sfr          000000
__Lsmallconst            smallconst   000600
__Lspace_0               (abs)        000000
__Lspace_1               (abs)        000000
__Lspace_2               (abs)        000000
__Lspace_4               (abs)        000000
__Lstack                 stack        000000
__Lstruct                struct       000000
__Ltemp                  temp         000000
__Ltext                  text         000000
__Ltext0                 text0        000000
__Ltext1                 text1        000000
__Ltext2                 text2        000000
__Ltext3                 text3        000000
__Ltext4                 text4        000000
__Ltext5                 text5        000000
__Ltext6                 text6        000000
__Ltext7                 text7        000000
__S0                     (abs)        000C64
__S1                     (abs)        000047
__S2                     (abs)        000000
__S4                     (abs)        000000
__S5                     (abs)        000000
___inthi_sp              stack        000000
___intlo_sp              stack        000000
___param_bank            (abs)        000000
___rparam_used           (abs)        000001
___sp                    stack        000000
__accesstop              (abs)        000080
__activetblptr           (abs)        000001
__end_of_LCD_Char        text4        000C32
__end_of_LCD_Command     text6        000C4C
__end_of_LCD_Init        text5        000C18
__end_of_LCD_String      text3        000BEA
__end_of_LCD_String_xy   text2        000B7A
__end_of_MSdelay         text7        000B3A
__end_of__initialization cinit        000BA6
__end_of_keyfind         text1        000AF0
__end_of_main            text0        0008CE
__initialization         cinit        000B7A
__mediumconst            mediumconst  000000
__pbssCOMRAM             bssCOMRAM    00003C
__pcinit                 cinit        000B7A
__pcstackCOMRAM          cstackCOMRAM 000001
__pdataCOMRAM            dataCOMRAM   000024
__pidataCOMRAM           idataCOMRAM  000C4C
__psmallconst            smallconst   000600
__ptext0                 text0        000688
__ptext1                 text1        0008CE
__ptext2                 text2        000B3A
__ptext3                 text3        000BB4
__ptext4                 text4        000C18
__ptext5                 text5        000BEA
__ptext6                 text6        000C32
__ptext7                 text7        000AF0
__ramtop                 ramtop       000600
__size_of_LCD_Char       (abs)        000000
__size_of_LCD_Command    (abs)        000000
__size_of_LCD_Init       (abs)        000000
__size_of_LCD_String     (abs)        000000
__size_of_LCD_String_xy  (abs)        000000
__size_of_MSdelay        (abs)        000000
__size_of_keyfind        (abs)        000000
__size_of_main           (abs)        000000
__smallconst             smallconst   000600
_array                   bssCOMRAM    00003C
_col_loc                 bssCOMRAM    000046
_keyfind                 text1        0008CE
_keypad                  dataCOMRAM   000024
_main                    text0        000688
_password                dataCOMRAM   000034
_rowloc                  bssCOMRAM    000045
_temp_col                bssCOMRAM    000044
end_of_initialization    cinit        000BA6
intlevel0                text         000000
intlevel1                text         000000
intlevel2                text         000000
intlevel3                text         000000
main@a2                  cstackCOMRAM 00001C
main@b2                  cstackCOMRAM 00001E
main@c2                  cstackCOMRAM 000020
main@d2                  cstackCOMRAM 000022
main@e2                  cstackCOMRAM 00001A
stackhi                  (abs)        0005FF
stacklo                  (abs)        000080
start                    init         000000
start_initialization     cinit        000B7A


FUNCTION INFORMATION:

 *************** function _main *****************
 Defined at:
		line 39 in file "lcd_keypad.c"
 Parameters:    Size  Location     Type
		None
 Auto vars:     Size  Location     Type
  d2              2   33[COMRAM] int 
  c2              2   31[COMRAM] int 
  b2              2   29[COMRAM] int 
  a2              2   27[COMRAM] int 
  e2              2   25[COMRAM] int 
  d1              2    0        int 
  c1              2    0        int 
  b1              2    0        int 
  a1              2    0        int 
  e1              2    0        int 
  i               2    0        int 
  key             1    0        unsigned char 
 Return value:  Size  Location     Type
                  1    wreg      void 
 Registers used:
		wreg, fsr2l, fsr2h, status,2, status,0, tblptrl, tblptrh, tblptru, prodl, prodh, cstack
 Tracked objects:
		On entry : 
		On exit  : 
		Unchanged: 
 Data sizes:     COMRAM   BANK0   BANK1   BANK2   BANK3   BANK4   BANK5
      Params:         0       0       0       0       0       0       0
      Locals:        20       0       0       0       0       0       0
      Temps:          1       0       0       0       0       0       0
      Totals:        21       0       0       0       0       0       0
Total ram usage:       21 bytes
 Hardware stack levels required when called:    4
 This function calls:
		_LCD_Char
		_LCD_Command
		_LCD_Init
		_LCD_String_xy
		_MSdelay
		_keyfind
 This function is called by:
		Startup code after reset
 This function uses a non-reentrant model


 *************** function _keyfind *****************
 Defined at:
		line 210 in file "lcd_keypad.c"
 Parameters:    Size  Location     Type
		None
 Auto vars:     Size  Location     Type
  temp1           1    0        unsigned char 
 Return value:  Size  Location     Type
                  1    wreg      unsigned char 
 Registers used:
		wreg, fsr2l, fsr2h, status,2, status,0, prodl, prodh, cstack
 Tracked objects:
		On entry : 
		On exit  : 
		Unchanged: 
 Data sizes:     COMRAM   BANK0   BANK1   BANK2   BANK3   BANK4   BANK5
      Params:         0       0       0       0       0       0       0
      Locals:         0       0       0       0       0       0       0
      Temps:          0       0       0       0       0       0       0
      Totals:         0       0       0       0       0       0       0
Total ram usage:        0 bytes
 Hardware stack levels used:    1
 Hardware stack levels required when called:    1
 This function calls:
		_MSdelay
 This function is called by:
		_main
 This function uses a non-reentrant model


 *************** function _LCD_String_xy *****************
 Defined at:
		line 186 in file "lcd_keypad.c"
 Parameters:    Size  Location     Type
  row             1    wreg     unsigned char 
  pos             1    9[COMRAM] unsigned char 
  msg             2   10[COMRAM] PTR const unsigned char 
		 -> STR_9(15), STR_8(12), STR_7(17), STR_6(12), 
		 -> STR_5(17), STR_4(17), STR_3(15), STR_2(12), 
		 -> STR_1(17), 
 Auto vars:     Size  Location     Type
  row             1   12[COMRAM] unsigned char 
  location        1   13[COMRAM] unsigned char 
 Return value:  Size  Location     Type
                  1    wreg      void 
 Registers used:
		wreg, status,2, status,0, tblptrl, tblptrh, tblptru, cstack
 Tracked objects:
		On entry : 
		On exit  : 
		Unchanged: 
 Data sizes:     COMRAM   BANK0   BANK1   BANK2   BANK3   BANK4   BANK5
      Params:         3       0       0       0       0       0       0
      Locals:         2       0       0       0       0       0       0
      Temps:          0       0       0       0       0       0       0
      Totals:         5       0       0       0       0       0       0
Total ram usage:        5 bytes
 Hardware stack levels used:    1
 Hardware stack levels required when called:    3
 This function calls:
		_LCD_Command
		_LCD_String
 This function is called by:
		_main
 This function uses a non-reentrant model


 *************** function _LCD_String *****************
 Defined at:
		line 176 in file "lcd_keypad.c"
 Parameters:    Size  Location     Type
  msg             2    7[COMRAM] PTR const unsigned char 
		 -> STR_9(15), STR_8(12), STR_7(17), STR_6(12), 
		 -> STR_5(17), STR_4(17), STR_3(15), STR_2(12), 
		 -> STR_1(17), 
 Auto vars:     Size  Location     Type
		None
 Return value:  Size  Location     Type
                  1    wreg      void 
 Registers used:
		wreg, status,2, status,0, tblptrl, tblptrh, tblptru, cstack
 Tracked objects:
		On entry : 
		On exit  : 
		Unchanged: 
 Data sizes:     COMRAM   BANK0   BANK1   BANK2   BANK3   BANK4   BANK5
      Params:         2       0       0       0       0       0       0
      Locals:         0       0       0       0       0       0       0
      Temps:          0       0       0       0       0       0       0
      Totals:         2       0       0       0       0       0       0
Total ram usage:        2 bytes
 Hardware stack levels used:    1
 Hardware stack levels required when called:    2
 This function calls:
		_LCD_Char
 This function is called by:
		_LCD_String_xy
 This function uses a non-reentrant model


 *************** function _LCD_Char *****************
 Defined at:
		line 166 in file "lcd_keypad.c"
 Parameters:    Size  Location     Type
  dat             1    wreg     unsigned char 
 Auto vars:     Size  Location     Type
  dat             1    6[COMRAM] unsigned char 
 Return value:  Size  Location     Type
                  1    wreg      void 
 Registers used:
		wreg, status,2, status,0, cstack
 Tracked objects:
		On entry : 
		On exit  : 
		Unchanged: 
 Data sizes:     COMRAM   BANK0   BANK1   BANK2   BANK3   BANK4   BANK5
      Params:         0       0       0       0       0       0       0
      Locals:         1       0       0       0       0       0       0
      Temps:          0       0       0       0       0       0       0
      Totals:         1       0       0       0       0       0       0
Total ram usage:        1 bytes
 Hardware stack levels used:    1
 Hardware stack levels required when called:    1
 This function calls:
		_MSdelay
 This function is called by:
		_main
		_LCD_String
 This function uses a non-reentrant model


 *************** function _LCD_Init *****************
 Defined at:
		line 141 in file "lcd_keypad.c"
 Parameters:    Size  Location     Type
		None
 Auto vars:     Size  Location     Type
		None
 Return value:  Size  Location     Type
                  1    wreg      void 
 Registers used:
		wreg, status,2, status,0, cstack
 Tracked objects:
		On entry : 
		On exit  : 
		Unchanged: 
 Data sizes:     COMRAM   BANK0   BANK1   BANK2   BANK3   BANK4   BANK5
      Params:         0       0       0       0       0       0       0
      Locals:         0       0       0       0       0       0       0
      Temps:          0       0       0       0       0       0       0
      Totals:         0       0       0       0       0       0       0
Total ram usage:        0 bytes
 Hardware stack levels used:    1
 Hardware stack levels required when called:    2
 This function calls:
		_LCD_Command
		_MSdelay
 This function is called by:
		_main
 This function uses a non-reentrant model


 *************** function _LCD_Command *****************
 Defined at:
		line 157 in file "lcd_keypad.c"
 Parameters:    Size  Location     Type
  cmd             1    wreg     unsigned char 
 Auto vars:     Size  Location     Type
  cmd             1    6[COMRAM] unsigned char 
 Return value:  Size  Location     Type
                  1    wreg      void 
 Registers used:
		wreg, status,2, status,0, cstack
 Tracked objects:
		On entry : 
		On exit  : 
		Unchanged: 
 Data sizes:     COMRAM   BANK0   BANK1   BANK2   BANK3   BANK4   BANK5
      Params:         0       0       0       0       0       0       0
      Locals:         1       0       0       0       0       0       0
      Temps:          0       0       0       0       0       0       0
      Totals:         1       0       0       0       0       0       0
Total ram usage:        1 bytes
 Hardware stack levels used:    1
 Hardware stack levels required when called:    1
 This function calls:
		_MSdelay
 This function is called by:
		_main
		_LCD_Init
		_LCD_String_xy
		_LCD_Clear
 This function uses a non-reentrant model


 *************** function _MSdelay *****************
 Defined at:
		line 203 in file "lcd_keypad.c"
 Parameters:    Size  Location     Type
  val             2    0[COMRAM] unsigned int 
 Auto vars:     Size  Location     Type
  j               2    4[COMRAM] unsigned int 
  i               2    2[COMRAM] unsigned int 
 Return value:  Size  Location     Type
                  1    wreg      void 
 Registers used:
		wreg, status,2, status,0
 Tracked objects:
		On entry : 
		On exit  : 
		Unchanged: 
 Data sizes:     COMRAM   BANK0   BANK1   BANK2   BANK3   BANK4   BANK5
      Params:         2       0       0       0       0       0       0
      Locals:         4       0       0       0       0       0       0
      Temps:          0       0       0       0       0       0       0
      Totals:         6       0       0       0       0       0       0
Total ram usage:        6 bytes
 Hardware stack levels used:    1
 This function calls:
		Nothing
 This function is called by:
		_main
		_LCD_Init
		_LCD_Command
		_LCD_Char
		_keyfind
 This function uses a non-reentrant model



MODULE INFORMATION

Module		Function		Class		Link	Load	Size
shared
		__initialization		CODE           	0B7A	0000	45

shared estimated size: 45

lcd_keypad.c
		_LCD_String    		CODE           	0BB4	0000	55
		_LCD_Init      		CODE           	0BEA	0000	47
		_keyfind       		CODE           	08CE	0000	547
		_LCD_Command   		CODE           	0C32	0000	27
		_LCD_String_xy 		CODE           	0B3A	0000	65
		_main          		CODE           	0688	0000	583
		_LCD_Char      		CODE           	0C18	0000	27
		_MSdelay       		CODE           	0AF0	0000	75

lcd_keypad.c estimated size: 1426

